Component: Arm Compiler for Embedded 6.21 Tool: armlink [5ec1fa00]

==============================================================================

Section Cross References

    main.o(.text.mymain) refers to main.o(.rodata.str1.1) for .L__const.mymain.pData
    main.o(.text.mymain) refers to rt_memcpy_v6.o(.text) for __aeabi_memcpy
    main.o(.text.mymain) refers to uart.o(.text.uart_init) for uart_init
    main.o(.text.mymain) refers to key.o(.text.KEY_Init) for KEY_Init
    main.o(.text.mymain) refers to exti.o(.text.EXTI_Init) for EXTI_Init
    main.o(.text.mymain) refers to nvic.o(.text.NVIC_EnableIRQ) for NVIC_EnableIRQ
    main.o(.text.mymain) refers to uart.o(.text.uart_send) for uart_send
    main.o(.text.mymain) refers to uart.o(.text.uart_get) for uart_get
    main.o(.text.mymain) refers to main.o(.text.uart_receive) for uart_receive
    main.o(.text.mymain) refers to main.o(.text.uart_println) for uart_println
    main.o(.ARM.exidx.text.mymain) refers to main.o(.text.mymain) for [Anonymous Symbol]
    main.o(.text.uart_receive) refers to main.o(.rodata.RECEIVED_MSG) for RECEIVED_MSG
    main.o(.text.uart_receive) refers to util.o(.text.uart_print) for uart_print
    main.o(.ARM.exidx.text.uart_receive) refers to main.o(.text.uart_receive) for [Anonymous Symbol]
    main.o(.text.uart_println) refers to uart.o(.text.uart_send) for uart_send
    main.o(.ARM.exidx.text.uart_println) refers to main.o(.text.uart_println) for [Anonymous Symbol]
    main.o(.text.systemInit) refers to rt_memcpy_v6.o(.text) for __aeabi_memcpy
    main.o(.text.systemInit) refers to rt_memclr.o(.text) for __aeabi_memclr
    main.o(.ARM.exidx.text.systemInit) refers to main.o(.text.systemInit) for [Anonymous Symbol]
    start.o(RESET) refers (Special) to led.o(.text.LED_Init) for LED_Init
    start.o(RESET) refers (Special) to systick.o(.text.SysTick_Init) for SysTick_Init
    start.o(RESET) refers (Special) to exception.o(.text.UsageFaultEnable) for UsageFaultEnable
    start.o(RESET) refers (Special) to exception.o(.text.UsageFault_Handler) for UsageFault_Handler
    start.o(RESET) refers (Special) to main.o(.text.systemInit) for systemInit
    start.o(RESET) refers (Special) to uart.o(.text.uart_init) for uart_init
    start.o(RESET) refers to start.o(.text) for HardFault_Handler_ASM
    start.o(RESET) refers to exception.o(.text.SVCall_Handler) for SVCall_Handler
    start.o(RESET) refers to systick.o(.text.SysTick_Handler) for SysTick_Handler
    start.o(RESET) refers to exception.o(.text.EXTI15_10_IRQHandler) for EXTI15_10_IRQHandler
    start.o(.text) refers (Special) to led.o(.text.LED_Init) for LED_Init
    start.o(.text) refers (Special) to systick.o(.text.SysTick_Init) for SysTick_Init
    start.o(.text) refers (Special) to exception.o(.text.UsageFaultEnable) for UsageFaultEnable
    start.o(.text) refers (Special) to exception.o(.text.UsageFault_Handler) for UsageFault_Handler
    start.o(.text) refers (Special) to main.o(.text.systemInit) for systemInit
    start.o(.text) refers (Special) to uart.o(.text.uart_init) for uart_init
    start.o(.text) refers to exception.o(.text.HardFault_Handler) for HardFault_Handler
    start.o(.text) refers to main.o(.text.mymain) for mymain
    uart.o(.ARM.exidx.text.uart_init) refers to uart.o(.text.uart_init) for [Anonymous Symbol]
    uart.o(.ARM.exidx.text.uart_send) refers to uart.o(.text.uart_send) for [Anonymous Symbol]
    uart.o(.ARM.exidx.text.uart_get) refers to uart.o(.text.uart_get) for [Anonymous Symbol]
    util.o(.text.uart_print) refers to uart.o(.text.uart_send) for uart_send
    util.o(.ARM.exidx.text.uart_print) refers to util.o(.text.uart_print) for [Anonymous Symbol]
    util.o(.ARM.exidx.text.relocate_memcpy) refers to util.o(.text.relocate_memcpy) for [Anonymous Symbol]
    util.o(.ARM.exidx.text.relocate_memset) refers to util.o(.text.relocate_memset) for [Anonymous Symbol]
    mystring.o(.text.puts) refers to uart.o(.text.uart_send) for uart_send
    mystring.o(.ARM.exidx.text.puts) refers to mystring.o(.text.puts) for [Anonymous Symbol]
    mystring.o(.text.puthex) refers to mystring.o(.rodata.str1.1) for .L.str
    mystring.o(.text.puthex) refers to mystring.o(.text.puts) for puts
    mystring.o(.text.puthex) refers to uart.o(.text.uart_send) for uart_send
    mystring.o(.ARM.exidx.text.puthex) refers to mystring.o(.text.puthex) for [Anonymous Symbol]
    mystring.o(.text.put_s_hex) refers to mystring.o(.text.puts) for puts
    mystring.o(.text.put_s_hex) refers to mystring.o(.text.puthex) for puthex
    mystring.o(.text.put_s_hex) refers to mystring.o(.rodata.str1.1) for .L.str.1
    mystring.o(.ARM.exidx.text.put_s_hex) refers to mystring.o(.text.put_s_hex) for [Anonymous Symbol]
    led.o(.ARM.exidx.text.LED_Init) refers to led.o(.text.LED_Init) for [Anonymous Symbol]
    led.o(.ARM.exidx.text.LED_Toggle) refers to led.o(.text.LED_Toggle) for [Anonymous Symbol]
    exception.o(.text.HardFault_Handler) refers to exception.o(.rodata.str1.1) for .L.str
    exception.o(.text.HardFault_Handler) refers to mystring.o(.text.puts) for puts
    exception.o(.text.HardFault_Handler) refers to mystring.o(.text.puthex) for puthex
    exception.o(.text.HardFault_Handler) refers to mystring.o(.text.put_s_hex) for put_s_hex
    exception.o(.ARM.exidx.text.HardFault_Handler) refers to exception.o(.text.HardFault_Handler) for [Anonymous Symbol]
    exception.o(.ARM.exidx.text.UsageFaultEnable) refers to exception.o(.text.UsageFaultEnable) for [Anonymous Symbol]
    exception.o(.text.UsageFault_Handler) refers to exception.o(.rodata.str1.1) for .L.str.8
    exception.o(.text.UsageFault_Handler) refers to mystring.o(.text.puts) for puts
    exception.o(.text.UsageFault_Handler) refers to mystring.o(.text.puthex) for puthex
    exception.o(.text.UsageFault_Handler) refers to mystring.o(.text.put_s_hex) for put_s_hex
    exception.o(.ARM.exidx.text.UsageFault_Handler) refers to exception.o(.text.UsageFault_Handler) for [Anonymous Symbol]
    exception.o(.text.SVCall_Handler) refers to exception.o(.rodata.str1.1) for .L.str.10
    exception.o(.text.SVCall_Handler) refers to mystring.o(.text.puts) for puts
    exception.o(.ARM.exidx.text.SVCall_Handler) refers to exception.o(.text.SVCall_Handler) for [Anonymous Symbol]
    exception.o(.text.EXTI15_10_IRQHandler) refers to key.o(.text.KEY_Inspect) for KEY_Inspect
    exception.o(.text.EXTI15_10_IRQHandler) refers to exception.o(.rodata.str1.1) for .L.str.11
    exception.o(.text.EXTI15_10_IRQHandler) refers to mystring.o(.text.puts) for puts
    exception.o(.text.EXTI15_10_IRQHandler) refers to exti.o(.text.EXTI_Clear_IRQ) for EXTI_Clear_IRQ
    exception.o(.text.EXTI15_10_IRQHandler) refers to nvic.o(.text.NVIC_ClearIRQ) for NVIC_ClearIRQ
    exception.o(.ARM.exidx.text.EXTI15_10_IRQHandler) refers to exception.o(.text.EXTI15_10_IRQHandler) for [Anonymous Symbol]
    systick.o(.ARM.exidx.text.SysTick_Init) refers to systick.o(.text.SysTick_Init) for [Anonymous Symbol]
    systick.o(.text.SysTick_Handler) refers to systick.o(.rodata.str1.1) for .L.str
    systick.o(.text.SysTick_Handler) refers to mystring.o(.text.puts) for puts
    systick.o(.text.SysTick_Handler) refers to systick.o(.bss.SysTick_Handler.led_on) for SysTick_Handler.led_on
    systick.o(.text.SysTick_Handler) refers to led.o(.text.LED_Toggle) for LED_Toggle
    systick.o(.ARM.exidx.text.SysTick_Handler) refers to systick.o(.text.SysTick_Handler) for [Anonymous Symbol]
    key.o(.ARM.exidx.text.KEY_Init) refers to key.o(.text.KEY_Init) for [Anonymous Symbol]
    key.o(.ARM.exidx.text.KEY_Inspect) refers to key.o(.text.KEY_Inspect) for [Anonymous Symbol]
    exti.o(.ARM.exidx.text.EXTI_Init) refers to exti.o(.text.EXTI_Init) for [Anonymous Symbol]
    exti.o(.ARM.exidx.text.EXTI_Clear_IRQ) refers to exti.o(.text.EXTI_Clear_IRQ) for [Anonymous Symbol]
    nvic.o(.ARM.exidx.text.NVIC_EnableIRQ) refers to nvic.o(.text.NVIC_EnableIRQ) for [Anonymous Symbol]
    nvic.o(.ARM.exidx.text.NVIC_ClearIRQ) refers to nvic.o(.text.NVIC_ClearIRQ) for [Anonymous Symbol]
    rt_memcpy_v6.o(.text) refers to rt_memcpy_w.o(.text) for __aeabi_memcpy4
    rt_memclr.o(.text) refers to rt_memclr_w.o(.text) for _memset_w


==============================================================================

Removing Unused exception sections from the image.

    Removing main.o(.ARM.exidx.text.mymain), (8 bytes).
    Removing main.o(.ARM.exidx.text.uart_receive), (8 bytes).
    Removing main.o(.ARM.exidx.text.uart_println), (8 bytes).
    Removing main.o(.ARM.exidx.text.systemInit), (8 bytes).
    Removing uart.o(.ARM.exidx.text.uart_init), (8 bytes).
    Removing uart.o(.ARM.exidx.text.uart_send), (8 bytes).
    Removing uart.o(.ARM.exidx.text.uart_get), (8 bytes).
    Removing util.o(.ARM.exidx.text.uart_print), (8 bytes).
    Removing util.o(.ARM.exidx.text.relocate_memcpy), (8 bytes).
    Removing util.o(.ARM.exidx.text.relocate_memset), (8 bytes).
    Removing mystring.o(.ARM.exidx.text.puts), (8 bytes).
    Removing mystring.o(.ARM.exidx.text.puthex), (8 bytes).
    Removing mystring.o(.ARM.exidx.text.put_s_hex), (8 bytes).
    Removing led.o(.ARM.exidx.text.LED_Init), (8 bytes).
    Removing led.o(.ARM.exidx.text.LED_Toggle), (8 bytes).
    Removing exception.o(.ARM.exidx.text.HardFault_Handler), (8 bytes).
    Removing exception.o(.ARM.exidx.text.UsageFaultEnable), (8 bytes).
    Removing exception.o(.ARM.exidx.text.UsageFault_Handler), (8 bytes).
    Removing exception.o(.ARM.exidx.text.SVCall_Handler), (8 bytes).
    Removing exception.o(.ARM.exidx.text.EXTI15_10_IRQHandler), (8 bytes).
    Removing systick.o(.ARM.exidx.text.SysTick_Init), (8 bytes).
    Removing systick.o(.ARM.exidx.text.SysTick_Handler), (8 bytes).
    Removing key.o(.ARM.exidx.text.KEY_Init), (8 bytes).
    Removing key.o(.ARM.exidx.text.KEY_Inspect), (8 bytes).
    Removing exti.o(.ARM.exidx.text.EXTI_Init), (8 bytes).
    Removing exti.o(.ARM.exidx.text.EXTI_Clear_IRQ), (8 bytes).
    Removing nvic.o(.ARM.exidx.text.NVIC_EnableIRQ), (8 bytes).
    Removing nvic.o(.ARM.exidx.text.NVIC_ClearIRQ), (8 bytes).

28 unused section(s) (total 224 bytes) removed from the image.

==============================================================================

Image Symbol Table

    Local Symbols

    Symbol Name                              Value     Ov Type        Size  Object(Section)

    ../clib/memcpset.s                       0x00000000   Number         0  rt_memcpy_v6.o ABSOLUTE
    ../clib/memcpset.s                       0x00000000   Number         0  rt_memclr.o ABSOLUTE
    ../clib/memcpset.s                       0x00000000   Number         0  rt_memcpy_w.o ABSOLUTE
    ../clib/memcpset.s                       0x00000000   Number         0  rt_memclr_w.o ABSOLUTE
    dc.s                                     0x00000000   Number         0  dc.o ABSOLUTE
    exception.c                              0x00000000   Number         0  exception.o ABSOLUTE
    exti.c                                   0x00000000   Number         0  exti.o ABSOLUTE
    key.c                                    0x00000000   Number         0  key.o ABSOLUTE
    led.c                                    0x00000000   Number         0  led.o ABSOLUTE
    main.c                                   0x00000000   Number         0  main.o ABSOLUTE
    mystring.c                               0x00000000   Number         0  mystring.o ABSOLUTE
    nvic.c                                   0x00000000   Number         0  nvic.o ABSOLUTE
    start.s                                  0x00000000   Number         0  start.o ABSOLUTE
    systick.c                                0x00000000   Number         0  systick.o ABSOLUTE
    uart.c                                   0x00000000   Number         0  uart.o ABSOLUTE
    util.c                                   0x00000000   Number         0  util.o ABSOLUTE
    RESET                                    0x08000000   Section      304  start.o(RESET)
    .text                                    0x08000130   Section       24  start.o(.text)
    HardFault_Handler_ASM                    0x0800013b   Thumb Code     6  start.o(.text)
    UsageFault_Handler_ASM                   0x0800013b   Thumb Code     0  start.o(.text)
    .text                                    0x08000148   Section      138  rt_memcpy_v6.o(.text)
    .text                                    0x080001d2   Section       68  rt_memclr.o(.text)
    .text                                    0x08000216   Section      100  rt_memcpy_w.o(.text)
    .text                                    0x0800027a   Section       78  rt_memclr_w.o(.text)
    [Anonymous Symbol]                       0x080002c8   Section        0  exception.o(.text.EXTI15_10_IRQHandler)
    [Anonymous Symbol]                       0x080002f8   Section        0  exti.o(.text.EXTI_Clear_IRQ)
    [Anonymous Symbol]                       0x08000314   Section        0  exti.o(.text.EXTI_Init)
    [Anonymous Symbol]                       0x08000344   Section        0  exception.o(.text.HardFault_Handler)
    [Anonymous Symbol]                       0x080003dc   Section        0  key.o(.text.KEY_Init)
    [Anonymous Symbol]                       0x08000430   Section        0  key.o(.text.KEY_Inspect)
    [Anonymous Symbol]                       0x08000448   Section        0  led.o(.text.LED_Init)
    [Anonymous Symbol]                       0x08000480   Section        0  led.o(.text.LED_Toggle)
    [Anonymous Symbol]                       0x080004b0   Section        0  nvic.o(.text.NVIC_ClearIRQ)
    [Anonymous Symbol]                       0x080004d0   Section        0  nvic.o(.text.NVIC_EnableIRQ)
    [Anonymous Symbol]                       0x080004ec   Section        0  exception.o(.text.SVCall_Handler)
    [Anonymous Symbol]                       0x080004fc   Section        0  systick.o(.text.SysTick_Handler)
    [Anonymous Symbol]                       0x08000554   Section        0  systick.o(.text.SysTick_Init)
    [Anonymous Symbol]                       0x08000580   Section        0  exception.o(.text.UsageFaultEnable)
    [Anonymous Symbol]                       0x0800059c   Section        0  exception.o(.text.UsageFault_Handler)
    [Anonymous Symbol]                       0x08000654   Section        0  main.o(.text.mymain)
    [Anonymous Symbol]                       0x080006bc   Section        0  mystring.o(.text.put_s_hex)
    [Anonymous Symbol]                       0x080006e0   Section        0  mystring.o(.text.puthex)
    [Anonymous Symbol]                       0x08000744   Section        0  mystring.o(.text.puts)
    [Anonymous Symbol]                       0x0800076c   Section        0  util.o(.text.relocate_memcpy)
    [Anonymous Symbol]                       0x080007a0   Section        0  util.o(.text.relocate_memset)
    [Anonymous Symbol]                       0x080007c8   Section        0  main.o(.text.systemInit)
    [Anonymous Symbol]                       0x08000818   Section        0  uart.o(.text.uart_get)
    [Anonymous Symbol]                       0x08000840   Section        0  uart.o(.text.uart_init)
    [Anonymous Symbol]                       0x080008b0   Section        0  util.o(.text.uart_print)
    uart_println                             0x080008e1   Thumb Code    32  main.o(.text.uart_println)
    [Anonymous Symbol]                       0x080008e0   Section        0  main.o(.text.uart_println)
    uart_receive                             0x08000901   Thumb Code    18  main.o(.text.uart_receive)
    [Anonymous Symbol]                       0x08000900   Section        0  main.o(.text.uart_receive)
    [Anonymous Symbol]                       0x08000914   Section        0  uart.o(.text.uart_send)
    .L__const.mymain.pData                   0x08000952   Data          52  main.o(.rodata.str1.1)
    [Anonymous Symbol]                       0x08000952   Section        0  main.o(.rodata.str1.1)
    .L.str.1                                 0x08000986   Data           3  mystring.o(.rodata.str1.1)
    [Anonymous Symbol]                       0x08000986   Section        0  mystring.o(.rodata.str1.1)
    .L.str                                   0x08000989   Data           3  mystring.o(.rodata.str1.1)
    .L.str.10                                0x0800098c   Data          17  exception.o(.rodata.str1.1)
    [Anonymous Symbol]                       0x0800098c   Section        0  exception.o(.rodata.str1.1)
    .L.str                                   0x0800099d   Data          20  exception.o(.rodata.str1.1)
    .L.str.8                                 0x080009b1   Data          21  exception.o(.rodata.str1.1)
    .L.str.9                                 0x080009c3   Data           3  exception.o(.rodata.str1.1)
    .L.str.1                                 0x080009c6   Data           7  exception.o(.rodata.str1.1)
    .L.str.2                                 0x080009cd   Data           7  exception.o(.rodata.str1.1)
    .L.str.3                                 0x080009d4   Data           7  exception.o(.rodata.str1.1)
    .L.str.4                                 0x080009db   Data           7  exception.o(.rodata.str1.1)
    .L.str.7                                 0x080009e2   Data           7  exception.o(.rodata.str1.1)
    .L.str.6                                 0x080009e9   Data           7  exception.o(.rodata.str1.1)
    .L.str.5                                 0x080009f0   Data           7  exception.o(.rodata.str1.1)
    .L.str.12                                0x080009f7   Data          36  exception.o(.rodata.str1.1)
    .L.str.11                                0x08000a1b   Data          35  exception.o(.rodata.str1.1)
    .L.str                                   0x08000a3e   Data          18  systick.o(.rodata.str1.1)
    [Anonymous Symbol]                       0x08000a3e   Section        0  systick.o(.rodata.str1.1)
    SysTick_Handler.led_on                   0x20000004   Data           4  systick.o(.bss.SysTick_Handler.led_on)
    [Anonymous Symbol]                       0x20000004   Section        0  systick.o(.bss.SysTick_Handler.led_on)

    Global Symbols

    Symbol Name                              Value     Ov Type        Size  Object(Section)

    BuildAttributes$$THM_ISAv4$P$D$K$B$S$PE$A:L22UL41UL21$X:L11$S22US41US21$IEEE1$IW$~IW$USESV6$~STKCKD$USESV7$~SHL$OSPACE$ROPI$EBA8$STANDARDLIB$REQ8$PRES8$EABIv2 0x00000000   Number         0  anon$$obj.o ABSOLUTE
    Image$$RW_IRAM1$$Length                  0x00000004   Number         0  anon$$obj.o ABSOLUTE
    Image$$RW_IRAM1$$ZI$$Length              0x0000000c   Number         0  anon$$obj.o ABSOLUTE
    Image$$ER_IROM1$$Length                  0x00000a50   Number         0  anon$$obj.o ABSOLUTE
    Image$$ER_IROM1$$Base                    0x08000000   Number         0  anon$$obj.o ABSOLUTE
    Load$$ER_IROM1$$Base                     0x08000000   Number         0  anon$$obj.o ABSOLUTE
    __Vectors                                0x08000000   Data           4  start.o(RESET)
    Reset_Handler                            0x08000131   Thumb Code    10  start.o(.text)
    __aeabi_memcpy                           0x08000149   Thumb Code     0  rt_memcpy_v6.o(.text)
    __rt_memcpy                              0x08000149   Thumb Code   138  rt_memcpy_v6.o(.text)
    _memcpy_lastbytes                        0x080001af   Thumb Code     0  rt_memcpy_v6.o(.text)
    __aeabi_memclr                           0x080001d3   Thumb Code     0  rt_memclr.o(.text)
    __rt_memclr                              0x080001d3   Thumb Code     0  rt_memclr.o(.text)
    _memset                                  0x080001d7   Thumb Code    64  rt_memclr.o(.text)
    __aeabi_memcpy4                          0x08000217   Thumb Code     0  rt_memcpy_w.o(.text)
    __aeabi_memcpy8                          0x08000217   Thumb Code     0  rt_memcpy_w.o(.text)
    __rt_memcpy_w                            0x08000217   Thumb Code   100  rt_memcpy_w.o(.text)
    _memcpy_lastbytes_aligned                0x0800025f   Thumb Code     0  rt_memcpy_w.o(.text)
    __aeabi_memclr4                          0x0800027b   Thumb Code     0  rt_memclr_w.o(.text)
    __aeabi_memclr8                          0x0800027b   Thumb Code     0  rt_memclr_w.o(.text)
    __rt_memclr_w                            0x0800027b   Thumb Code     0  rt_memclr_w.o(.text)
    _memset_w                                0x0800027f   Thumb Code    74  rt_memclr_w.o(.text)
    EXTI15_10_IRQHandler                     0x080002c9   Thumb Code    48  exception.o(.text.EXTI15_10_IRQHandler)
    EXTI_Clear_IRQ                           0x080002f9   Thumb Code    26  exti.o(.text.EXTI_Clear_IRQ)
    EXTI_Init                                0x08000315   Thumb Code    46  exti.o(.text.EXTI_Init)
    HardFault_Handler                        0x08000345   Thumb Code   152  exception.o(.text.HardFault_Handler)
    KEY_Init                                 0x080003dd   Thumb Code    82  key.o(.text.KEY_Init)
    KEY_Inspect                              0x08000431   Thumb Code    24  key.o(.text.KEY_Inspect)
    LED_Init                                 0x08000449   Thumb Code    56  led.o(.text.LED_Init)
    LED_Toggle                               0x08000481   Thumb Code    48  led.o(.text.LED_Toggle)
    NVIC_ClearIRQ                            0x080004b1   Thumb Code    30  nvic.o(.text.NVIC_ClearIRQ)
    NVIC_EnableIRQ                           0x080004d1   Thumb Code    26  nvic.o(.text.NVIC_EnableIRQ)
    SVCall_Handler                           0x080004ed   Thumb Code    16  exception.o(.text.SVCall_Handler)
    SysTick_Handler                          0x080004fd   Thumb Code    88  systick.o(.text.SysTick_Handler)
    SysTick_Init                             0x08000555   Thumb Code    42  systick.o(.text.SysTick_Init)
    UsageFaultEnable                         0x08000581   Thumb Code    26  exception.o(.text.UsageFaultEnable)
    UsageFault_Handler                       0x0800059d   Thumb Code   184  exception.o(.text.UsageFault_Handler)
    mymain                                   0x08000655   Thumb Code   102  main.o(.text.mymain)
    put_s_hex                                0x080006bd   Thumb Code    36  mystring.o(.text.put_s_hex)
    puthex                                   0x080006e1   Thumb Code   100  mystring.o(.text.puthex)
    puts                                     0x08000745   Thumb Code    38  mystring.o(.text.puts)
    relocate_memcpy                          0x0800076d   Thumb Code    50  util.o(.text.relocate_memcpy)
    relocate_memset                          0x080007a1   Thumb Code    38  util.o(.text.relocate_memset)
    systemInit                               0x080007c9   Thumb Code    80  main.o(.text.systemInit)
    uart_get                                 0x08000819   Thumb Code    38  uart.o(.text.uart_get)
    uart_init                                0x08000841   Thumb Code   112  uart.o(.text.uart_init)
    uart_print                               0x080008b1   Thumb Code    48  util.o(.text.uart_print)
    uart_send                                0x08000915   Thumb Code    48  uart.o(.text.uart_send)
    RECEIVED_MSG                             0x08000944   Data          13  main.o(.rodata.RECEIVED_MSG)
    g_CharConst                              0x08000951   Data           1  main.o(.rodata.g_CharConst)
    Load$$RW_IRAM1$$Base                     0x08000a50   Number         0  anon$$obj.o ABSOLUTE
    Image$$RW_IRAM1$$Base                    0x20000000   Number         0  anon$$obj.o ABSOLUTE
    g_Char                                   0x20000000   Data           1  main.o(.data.g_Char)
    Image$$RW_IRAM1$$ZI$$Base                0x20000004   Number         0  anon$$obj.o ABSOLUTE
    g_Cnt                                    0x20000008   Data           4  main.o(.bss.g_Cnt)
    g_CodeChar                               0x2000000c   Data           4  main.o(.bss.g_CodeChar)



==============================================================================

Memory Map of the image

  Image entry point : Not specified.

  Load Region LR_IROM1 (Base: 0x08000000, Size: 0x00000a54, Max: 0x00010000, ABSOLUTE)

    Execution Region ER_IROM1 (Exec base: 0x08000000, Load base: 0x08000000, Size: 0x00000a50, Max: 0x00010000, ABSOLUTE)

    Exec Addr    Load Addr    Size         Type   Attr      Idx    E Section Name        Object

    0x08000000   0x08000000   0x00000130   Data   RO           22    RESET               start.o
    0x08000130   0x08000130   0x00000000   Code   RO            1    .text               main.o
    0x08000130   0x08000130   0x00000018   Code   RO           23    .text               start.o
    0x08000148   0x08000148   0x00000000   Code   RO           29    .text               uart.o
    0x08000148   0x08000148   0x00000000   Code   RO           42    .text               util.o
    0x08000148   0x08000148   0x00000000   Code   RO           55    .text               mystring.o
    0x08000148   0x08000148   0x00000000   Code   RO           69    .text               led.o
    0x08000148   0x08000148   0x00000000   Code   RO           80    .text               exception.o
    0x08000148   0x08000148   0x00000000   Code   RO           98    .text               systick.o
    0x08000148   0x08000148   0x00000000   Code   RO          111    .text               key.o
    0x08000148   0x08000148   0x00000000   Code   RO          122    .text               exti.o
    0x08000148   0x08000148   0x00000000   Code   RO          133    .text               nvic.o
    0x08000148   0x08000148   0x0000008a   Code   RO          146    .text               c_w.l(rt_memcpy_v6.o)
    0x080001d2   0x080001d2   0x00000044   Code   RO          148    .text               c_w.l(rt_memclr.o)
    0x08000216   0x08000216   0x00000064   Code   RO          150    .text               c_w.l(rt_memcpy_w.o)
    0x0800027a   0x0800027a   0x0000004e   Code   RO          152    .text               c_w.l(rt_memclr_w.o)
    0x080002c8   0x080002c8   0x00000030   Code   RO           89    .text.EXTI15_10_IRQHandler  exception.o
    0x080002f8   0x080002f8   0x0000001a   Code   RO          125    .text.EXTI_Clear_IRQ  exti.o
    0x08000312   0x08000312   0x00000002   PAD
    0x08000314   0x08000314   0x0000002e   Code   RO          123    .text.EXTI_Init     exti.o
    0x08000342   0x08000342   0x00000002   PAD
    0x08000344   0x08000344   0x00000098   Code   RO           81    .text.HardFault_Handler  exception.o
    0x080003dc   0x080003dc   0x00000052   Code   RO          112    .text.KEY_Init      key.o
    0x0800042e   0x0800042e   0x00000002   PAD
    0x08000430   0x08000430   0x00000018   Code   RO          114    .text.KEY_Inspect   key.o
    0x08000448   0x08000448   0x00000038   Code   RO           70    .text.LED_Init      led.o
    0x08000480   0x08000480   0x00000030   Code   RO           72    .text.LED_Toggle    led.o
    0x080004b0   0x080004b0   0x0000001e   Code   RO          136    .text.NVIC_ClearIRQ  nvic.o
    0x080004ce   0x080004ce   0x00000002   PAD
    0x080004d0   0x080004d0   0x0000001a   Code   RO          134    .text.NVIC_EnableIRQ  nvic.o
    0x080004ea   0x080004ea   0x00000002   PAD
    0x080004ec   0x080004ec   0x00000010   Code   RO           87    .text.SVCall_Handler  exception.o
    0x080004fc   0x080004fc   0x00000058   Code   RO          101    .text.SysTick_Handler  systick.o
    0x08000554   0x08000554   0x0000002a   Code   RO           99    .text.SysTick_Init  systick.o
    0x0800057e   0x0800057e   0x00000002   PAD
    0x08000580   0x08000580   0x0000001a   Code   RO           83    .text.UsageFaultEnable  exception.o
    0x0800059a   0x0800059a   0x00000002   PAD
    0x0800059c   0x0800059c   0x000000b8   Code   RO           85    .text.UsageFault_Handler  exception.o
    0x08000654   0x08000654   0x00000066   Code   RO            2    .text.mymain        main.o
    0x080006ba   0x080006ba   0x00000002   PAD
    0x080006bc   0x080006bc   0x00000024   Code   RO           60    .text.put_s_hex     mystring.o
    0x080006e0   0x080006e0   0x00000064   Code   RO           58    .text.puthex        mystring.o
    0x08000744   0x08000744   0x00000026   Code   RO           56    .text.puts          mystring.o
    0x0800076a   0x0800076a   0x00000002   PAD
    0x0800076c   0x0800076c   0x00000032   Code   RO           45    .text.relocate_memcpy  util.o
    0x0800079e   0x0800079e   0x00000002   PAD
    0x080007a0   0x080007a0   0x00000026   Code   RO           47    .text.relocate_memset  util.o
    0x080007c6   0x080007c6   0x00000002   PAD
    0x080007c8   0x080007c8   0x00000050   Code   RO            8    .text.systemInit    main.o
    0x08000818   0x08000818   0x00000026   Code   RO           34    .text.uart_get      uart.o
    0x0800083e   0x0800083e   0x00000002   PAD
    0x08000840   0x08000840   0x00000070   Code   RO           30    .text.uart_init     uart.o
    0x080008b0   0x080008b0   0x00000030   Code   RO           43    .text.uart_print    util.o
    0x080008e0   0x080008e0   0x00000020   Code   RO            6    .text.uart_println  main.o
    0x08000900   0x08000900   0x00000012   Code   RO            4    .text.uart_receive  main.o
    0x08000912   0x08000912   0x00000002   PAD
    0x08000914   0x08000914   0x00000030   Code   RO           32    .text.uart_send     uart.o
    0x08000944   0x08000944   0x0000000d   Data   RO           12    .rodata.RECEIVED_MSG  main.o
    0x08000951   0x08000951   0x00000001   Data   RO           11    .rodata.g_CharConst  main.o
    0x08000952   0x08000952   0x00000034   Data   RO           14    .rodata.str1.1      main.o
    0x08000986   0x08000986   0x00000006   Data   RO           62    .rodata.str1.1      mystring.o
    0x0800098c   0x0800098c   0x000000b2   Data   RO           91    .rodata.str1.1      exception.o
    0x08000a3e   0x08000a3e   0x00000012   Data   RO          103    .rodata.str1.1      systick.o


    Execution Region RW_IRAM1 (Exec base: 0x20000000, Load base: 0x08000a50, Size: 0x00000010, Max: 0x00005000, ABSOLUTE)

    Exec Addr    Load Addr    Size         Type   Attr      Idx    E Section Name        Object

    0x20000000   0x08000a50   0x00000001   Data   RW           10    .data.g_Char        main.o
    0x20000001   0x08000a51   0x00000003   PAD
    0x20000004        -       0x00000004   Zero   RW          104    .bss.SysTick_Handler.led_on  systick.o
    0x20000008        -       0x00000004   Zero   RW           15    .bss.g_Cnt          main.o
    0x2000000c        -       0x00000004   Zero   RW           13    .bss.g_CodeChar     main.o


==============================================================================

Image component sizes


      Code (inc. data)   RO Data    RW Data    ZI Data      Debug   Object Name

       426          0        178          0          0       2004   exception.o
        72          0          0          0          0        790   exti.o
       106          0          0          0          0       1425   key.o
       104          0          0          0          0       1200   led.o
       232          0         66          1          8       1230   main.o
       174          0          6          0          0       1007   mystring.o
        56          0          0          0          0       1072   nvic.o
        24          8        304          0          0        400   start.o
       130          0         18          0          4       1459   systick.o
       198          0          0          0          0       1121   uart.o
       136          0          0          0          0        983   util.o

    ----------------------------------------------------------------------
      1684          8        572          4         12      12691   Object Totals
         0          0          0          0          0          0   (incl. Generated)
        26          0          0          3          0          0   (incl. Padding)

    ----------------------------------------------------------------------

      Code (inc. data)   RO Data    RW Data    ZI Data      Debug   Library Member Name

        68          0          0          0          0         68   rt_memclr.o
        78          0          0          0          0         80   rt_memclr_w.o
       138          0          0          0          0         68   rt_memcpy_v6.o
       100          0          0          0          0         80   rt_memcpy_w.o

    ----------------------------------------------------------------------
       384          0          0          0          0        296   Library Totals
         0          0          0          0          0          0   (incl. Padding)

    ----------------------------------------------------------------------

      Code (inc. data)   RO Data    RW Data    ZI Data      Debug   Library Name

       384          0          0          0          0        296   c_w.l

    ----------------------------------------------------------------------
       384          0          0          0          0        296   Library Totals

    ----------------------------------------------------------------------

==============================================================================


      Code (inc. data)   RO Data    RW Data    ZI Data      Debug   

      2068          8        572          4         12      12599   Grand Totals
      2068          8        572          4         12      12599   ELF Image Totals
      2068          8        572          4          0          0   ROM Totals

==============================================================================

    Total RO  Size (Code + RO Data)                 2640 (   2.58kB)
    Total RW  Size (RW Data + ZI Data)                16 (   0.02kB)
    Total ROM Size (Code + RO Data + RW Data)       2644 (   2.58kB)

==============================================================================

