<!doctype html public "-//w3c//dtd html 4.0 transitional//en">
<html><head>
<title>Static Call Graph - [.\Objects\blink_led.axf]</title></head>
<body><HR>
<H1>Static Call Graph for image .\Objects\blink_led.axf</H1><HR>
<BR><P>#&#060CALLGRAPH&#062# ARM Linker, 6210000: Last Updated: Sat Mar  2 21:47:05 2024
<BR><P>
<H3>Maximum Stack Usage =         28 bytes + Unknown(Untraceable Function Pointers)</H3><H3>
Call chain for Maximum Stack Depth:</H3>
Reset_Handler &rArr; mymain &rArr; delay
<P>
<H3>
Function Pointers
</H3><UL>
 <LI><a href="#[0]">Reset_Handler</a> from start.o(.text) referenced from start.o(RESET)
</UL>
<P>
<H3>
Global Symbols
</H3>
<P><STRONG><a name="[0]"></a>Reset_Handler</STRONG> (Thumb, 8 bytes, Stack size 0 bytes, start.o(.text))
<BR><BR>[Stack]<UL><LI>Max Depth = 28<LI>Call Chain = Reset_Handler &rArr; mymain &rArr; delay
</UL>
<BR>[Calls]<UL><LI><a href="#[1]">&gt;&gt;</a>&nbsp;&nbsp;&nbsp;mymain
</UL>
<BR>[Address Reference Count : 1]<UL><LI> start.o(RESET)
</UL>
<P><STRONG><a name="[2]"></a>delay</STRONG> (Thumb, 22 bytes, Stack size 4 bytes, main.o(.text.delay))
<BR><BR>[Stack]<UL><LI>Max Depth = 4<LI>Call Chain = delay
</UL>
<BR>[Called By]<UL><LI><a href="#[1]">&gt;&gt;</a>&nbsp;&nbsp;&nbsp;mymain
</UL>

<P><STRONG><a name="[1]"></a>mymain</STRONG> (Thumb, 98 bytes, Stack size 24 bytes, main.o(.text.mymain))
<BR><BR>[Stack]<UL><LI>Max Depth = 28<LI>Call Chain = mymain &rArr; delay
</UL>
<BR>[Calls]<UL><LI><a href="#[2]">&gt;&gt;</a>&nbsp;&nbsp;&nbsp;delay
</UL>
<BR>[Called By]<UL><LI><a href="#[0]">&gt;&gt;</a>&nbsp;&nbsp;&nbsp;Reset_Handler
</UL>
<P>
<H3>
Local Symbols
</H3><P>
<H3>
Undefined Global Symbols
</H3><HR></body></html>
