<html>
<body>
<pre>
<h1>µVision Build Log</h1>
<h2>Tool Versions:</h2>
IDE-Version: ¦ÌVision V5.39.0.0
Copyright (C) 2023 ARM Ltd and ARM Germany GmbH. All rights reserved.
License Information: Maxin maxin, KU Leuven, LIC=VGXG8-3RA4V-EVN1R-KX0PY-QA6NP-TMDZH
 
Tool Versions:
Toolchain:       MDK-ARM Plus  Version: 5.39.0.0
Toolchain Path:  C:\Keil_v5\ARM\ARMCLANG\Bin
C Compiler:      ArmClang.exe V6.21
Assembler:       Armasm.exe V6.21
Linker/Locator:  ArmLink.exe V6.21
Library Manager: ArmAr.exe V6.21
Hex Converter:   FromElf.exe V6.21
CPU DLL:         SARMCM3.DLL V5.39.0.0
Dialog DLL:      DCM.DLL V1.17.5.0
Target DLL:      STLink\ST-LINKIII-KEIL_SWO.dll V3.2.0.0
Dialog DLL:      TCM.DLL V1.56.4.0
 
<h2>Project:</h2>
C:\Users\maxin\Desktop\keil_projects\stm32\led\blink_led.uvprojx
Project File Date:  03/02/2024

<h2>Output:</h2>
*** Using Compiler 'V6.21', folder: 'C:\Keil_v5\ARM\ARMCLANG\Bin'
Rebuild target 'led'
main.c(19): warning: no previous prototype for function 'mymain' [-Wmissing-prototypes]
   19 | int mymain(void)
      |     ^
main.c(19): note: declare 'static' if the function is not intended to be used outside of this translation unit
   19 | int mymain(void)
      | ^
      | static 
main.c(40): warning: 'return' will never be executed [-Wunreachable-code-return]
   40 |         return 0;
      |                ^
2 warnings generated.
compiling main.c...
assembling start.s...
linking...
.\Objects\blink_led.axf: Warning: L6305W: Image does not have an entry point. (Not specified or not set due to multiple choices.)
.\Objects\blink_led.sct(8): warning: L6314W: No section matches pattern *(InRoot$$Sections).
Program Size: Code=136 RO-data=8 RW-data=0 ZI-data=0  
Finished: 0 information, 2 warning and 0 error messages.
After Build - User command #1: fromelf  --bin  --output=blink_led.bin  Objects\blink_led.axf
After Build - User command #2: fromelf  --text  -a -c  --output=blink_led.dis  Objects\blink_led.axf
".\Objects\blink_led.axf" - 0 Error(s), 4 Warning(s).

<h2>Software Packages used:</h2>

Package Vendor: Keil
                https://www.keil.com/pack/Keil.STM32F1xx_DFP.2.4.1.pack
                Keil::STM32F1xx_DFP@2.4.1
                STMicroelectronics STM32F1 Series Device Support, Drivers and Examples

<h2>Collection of Component include folders:</h2>
  C:/Users/maxin/AppData/Local/Arm/Packs/Keil/STM32F1xx_DFP/2.4.1/Device/Include

<h2>Collection of Component Files used:</h2>
Build Time Elapsed:  00:00:01
</pre>
</body>
</html>
