Component: Arm Compiler for Embedded 6.21 Tool: armlink [5ec1fa00]

==============================================================================

Section Cross References

    main.o(.text.mymain) refers to main.o(.rodata.str1.1) for .L__const.mymain.pData
    main.o(.text.mymain) refers to rt_memcpy_v6.o(.text) for __aeabi_memcpy
    main.o(.text.mymain) refers to uart.o(.text.uart_init) for uart_init
    main.o(.text.mymain) refers to main.o(.data.g_Char) for g_Char
    main.o(.text.mymain) refers to main.o(.text.uart_println) for uart_println
    main.o(.text.mymain) refers to mystring.o(.text.put_s_hex) for put_s_hex
    main.o(.text.mymain) refers to main.o(.rodata.g_CharConst) for g_CharConst
    main.o(.text.mymain) refers to main.o(.bss.g_CodeChar) for g_CodeChar
    main.o(.text.mymain) refers to main.o(.bss.g_Cnt) for g_Cnt
    main.o(.text.mymain) refers to uart.o(.text.uart_get) for uart_get
    main.o(.text.mymain) refers to main.o(.text.uart_receive) for uart_receive
    main.o(.ARM.exidx.text.mymain) refers to main.o(.text.mymain) for [Anonymous Symbol]
    main.o(.text.uart_println) refers to uart.o(.text.uart_send) for uart_send
    main.o(.ARM.exidx.text.uart_println) refers to main.o(.text.uart_println) for [Anonymous Symbol]
    main.o(.text.uart_receive) refers to main.o(.rodata.RECEIVED_MSG) for RECEIVED_MSG
    main.o(.text.uart_receive) refers to util.o(.text.uart_print) for uart_print
    main.o(.ARM.exidx.text.uart_receive) refers to main.o(.text.uart_receive) for [Anonymous Symbol]
    main.o(.text.systemInit) refers to rt_memcpy_v6.o(.text) for __aeabi_memcpy
    main.o(.text.systemInit) refers to rt_memclr.o(.text) for __aeabi_memclr
    main.o(.ARM.exidx.text.systemInit) refers to main.o(.text.systemInit) for [Anonymous Symbol]
    start.o(RESET) refers (Special) to exception.o(.text.UsageFaultEnable) for UsageFaultEnable
    start.o(RESET) refers (Special) to main.o(.text.systemInit) for systemInit
    start.o(RESET) refers to exception.o(.text.HardFault_Handler) for HardFault_Handler
    start.o(RESET) refers to start.o(.text) for UsageFault_Handler_ASM
    start.o(RESET) refers to exception.o(.text.SVCall_Handler) for SVCall_Handler
    start.o(RESET) refers to systick.o(.text.SysTick_Handler) for SysTick_Handler
    start.o(.text) refers (Special) to exception.o(.text.UsageFaultEnable) for UsageFaultEnable
    start.o(.text) refers (Special) to main.o(.text.systemInit) for systemInit
    start.o(.text) refers to uart.o(.text.uart_init) for uart_init
    start.o(.text) refers to led.o(.text.LED_Init) for LED_Init
    start.o(.text) refers to systick.o(.text.SysTick_Init) for SysTick_Init
    start.o(.text) refers to exception.o(.text.UsageFault_Handler) for UsageFault_Handler
    start.o(.text) refers to main.o(.text.mymain) for mymain
    uart.o(.ARM.exidx.text.uart_init) refers to uart.o(.text.uart_init) for [Anonymous Symbol]
    uart.o(.ARM.exidx.text.uart_send) refers to uart.o(.text.uart_send) for [Anonymous Symbol]
    uart.o(.ARM.exidx.text.uart_get) refers to uart.o(.text.uart_get) for [Anonymous Symbol]
    util.o(.text.uart_print) refers to uart.o(.text.uart_send) for uart_send
    util.o(.ARM.exidx.text.uart_print) refers to util.o(.text.uart_print) for [Anonymous Symbol]
    util.o(.ARM.exidx.text.relocate_memcpy) refers to util.o(.text.relocate_memcpy) for [Anonymous Symbol]
    util.o(.ARM.exidx.text.relocate_memset) refers to util.o(.text.relocate_memset) for [Anonymous Symbol]
    mystring.o(.text.puts) refers to uart.o(.text.uart_send) for uart_send
    mystring.o(.ARM.exidx.text.puts) refers to mystring.o(.text.puts) for [Anonymous Symbol]
    mystring.o(.text.puthex) refers to mystring.o(.rodata.str1.1) for .L.str
    mystring.o(.text.puthex) refers to mystring.o(.text.puts) for puts
    mystring.o(.text.puthex) refers to uart.o(.text.uart_send) for uart_send
    mystring.o(.ARM.exidx.text.puthex) refers to mystring.o(.text.puthex) for [Anonymous Symbol]
    mystring.o(.text.put_s_hex) refers to mystring.o(.text.puts) for puts
    mystring.o(.text.put_s_hex) refers to mystring.o(.text.puthex) for puthex
    mystring.o(.text.put_s_hex) refers to mystring.o(.rodata.str1.1) for .L.str.1
    mystring.o(.ARM.exidx.text.put_s_hex) refers to mystring.o(.text.put_s_hex) for [Anonymous Symbol]
    led.o(.ARM.exidx.text.LED_Init) refers to led.o(.text.LED_Init) for [Anonymous Symbol]
    led.o(.ARM.exidx.text.LED_Toggle) refers to led.o(.text.LED_Toggle) for [Anonymous Symbol]
    exception.o(.text.HardFault_Handler) refers to exception.o(.rodata.str1.1) for .L.str
    exception.o(.text.HardFault_Handler) refers to mystring.o(.text.puts) for puts
    exception.o(.ARM.exidx.text.HardFault_Handler) refers to exception.o(.text.HardFault_Handler) for [Anonymous Symbol]
    exception.o(.ARM.exidx.text.UsageFaultEnable) refers to exception.o(.text.UsageFaultEnable) for [Anonymous Symbol]
    exception.o(.text.UsageFault_Handler) refers to exception.o(.rodata.str1.1) for .L.str.1
    exception.o(.text.UsageFault_Handler) refers to mystring.o(.text.puts) for puts
    exception.o(.text.UsageFault_Handler) refers to mystring.o(.text.puthex) for puthex
    exception.o(.text.UsageFault_Handler) refers to mystring.o(.text.put_s_hex) for put_s_hex
    exception.o(.ARM.exidx.text.UsageFault_Handler) refers to exception.o(.text.UsageFault_Handler) for [Anonymous Symbol]
    exception.o(.text.SVCall_Handler) refers to exception.o(.rodata.str1.1) for .L.str.9
    exception.o(.text.SVCall_Handler) refers to mystring.o(.text.puts) for puts
    exception.o(.ARM.exidx.text.SVCall_Handler) refers to exception.o(.text.SVCall_Handler) for [Anonymous Symbol]
    systick.o(.ARM.exidx.text.SysTick_Init) refers to systick.o(.text.SysTick_Init) for [Anonymous Symbol]
    systick.o(.text.SysTick_Handler) refers to systick.o(.rodata.str1.1) for .L.str
    systick.o(.text.SysTick_Handler) refers to mystring.o(.text.puts) for puts
    systick.o(.text.SysTick_Handler) refers to systick.o(.bss.SysTick_Handler.led_on) for SysTick_Handler.led_on
    systick.o(.text.SysTick_Handler) refers to led.o(.text.LED_Toggle) for LED_Toggle
    systick.o(.ARM.exidx.text.SysTick_Handler) refers to systick.o(.text.SysTick_Handler) for [Anonymous Symbol]
    rt_memcpy_v6.o(.text) refers to rt_memcpy_w.o(.text) for __aeabi_memcpy4
    rt_memclr.o(.text) refers to rt_memclr_w.o(.text) for _memset_w


==============================================================================

Removing Unused exception sections from the image.

    Removing main.o(.ARM.exidx.text.mymain), (8 bytes).
    Removing main.o(.ARM.exidx.text.uart_println), (8 bytes).
    Removing main.o(.ARM.exidx.text.uart_receive), (8 bytes).
    Removing main.o(.ARM.exidx.text.systemInit), (8 bytes).
    Removing uart.o(.ARM.exidx.text.uart_init), (8 bytes).
    Removing uart.o(.ARM.exidx.text.uart_send), (8 bytes).
    Removing uart.o(.ARM.exidx.text.uart_get), (8 bytes).
    Removing util.o(.ARM.exidx.text.uart_print), (8 bytes).
    Removing util.o(.ARM.exidx.text.relocate_memcpy), (8 bytes).
    Removing util.o(.ARM.exidx.text.relocate_memset), (8 bytes).
    Removing mystring.o(.ARM.exidx.text.puts), (8 bytes).
    Removing mystring.o(.ARM.exidx.text.puthex), (8 bytes).
    Removing mystring.o(.ARM.exidx.text.put_s_hex), (8 bytes).
    Removing led.o(.ARM.exidx.text.LED_Init), (8 bytes).
    Removing led.o(.ARM.exidx.text.LED_Toggle), (8 bytes).
    Removing exception.o(.ARM.exidx.text.HardFault_Handler), (8 bytes).
    Removing exception.o(.ARM.exidx.text.UsageFaultEnable), (8 bytes).
    Removing exception.o(.ARM.exidx.text.UsageFault_Handler), (8 bytes).
    Removing exception.o(.ARM.exidx.text.SVCall_Handler), (8 bytes).
    Removing systick.o(.ARM.exidx.text.SysTick_Init), (8 bytes).
    Removing systick.o(.ARM.exidx.text.SysTick_Handler), (8 bytes).

21 unused section(s) (total 168 bytes) removed from the image.

==============================================================================

Image Symbol Table

    Local Symbols

    Symbol Name                              Value     Ov Type        Size  Object(Section)

    ../clib/memcpset.s                       0x00000000   Number         0  rt_memcpy_v6.o ABSOLUTE
    ../clib/memcpset.s                       0x00000000   Number         0  rt_memclr.o ABSOLUTE
    ../clib/memcpset.s                       0x00000000   Number         0  rt_memcpy_w.o ABSOLUTE
    ../clib/memcpset.s                       0x00000000   Number         0  rt_memclr_w.o ABSOLUTE
    dc.s                                     0x00000000   Number         0  dc.o ABSOLUTE
    exception.c                              0x00000000   Number         0  exception.o ABSOLUTE
    led.c                                    0x00000000   Number         0  led.o ABSOLUTE
    main.c                                   0x00000000   Number         0  main.o ABSOLUTE
    mystring.c                               0x00000000   Number         0  mystring.o ABSOLUTE
    start.s                                  0x00000000   Number         0  start.o ABSOLUTE
    systick.c                                0x00000000   Number         0  systick.o ABSOLUTE
    uart.c                                   0x00000000   Number         0  uart.o ABSOLUTE
    util.c                                   0x00000000   Number         0  util.o ABSOLUTE
    RESET                                    0x08000000   Section       64  start.o(RESET)
    .text                                    0x08000040   Section       60  start.o(.text)
    UsageFault_Handler_ASM                   0x0800006f   Thumb Code     6  start.o(.text)
    .text                                    0x0800007c   Section      138  rt_memcpy_v6.o(.text)
    .text                                    0x08000106   Section       68  rt_memclr.o(.text)
    .text                                    0x0800014a   Section      100  rt_memcpy_w.o(.text)
    .text                                    0x080001ae   Section       78  rt_memclr_w.o(.text)
    [Anonymous Symbol]                       0x080001fc   Section        0  exception.o(.text.HardFault_Handler)
    [Anonymous Symbol]                       0x08000210   Section        0  led.o(.text.LED_Init)
    [Anonymous Symbol]                       0x08000248   Section        0  led.o(.text.LED_Toggle)
    [Anonymous Symbol]                       0x08000278   Section        0  exception.o(.text.SVCall_Handler)
    [Anonymous Symbol]                       0x08000288   Section        0  systick.o(.text.SysTick_Handler)
    [Anonymous Symbol]                       0x080002e0   Section        0  systick.o(.text.SysTick_Init)
    [Anonymous Symbol]                       0x0800030c   Section        0  exception.o(.text.UsageFaultEnable)
    [Anonymous Symbol]                       0x08000328   Section        0  exception.o(.text.UsageFault_Handler)
    [Anonymous Symbol]                       0x080003e0   Section        0  main.o(.text.mymain)
    [Anonymous Symbol]                       0x0800049c   Section        0  mystring.o(.text.put_s_hex)
    [Anonymous Symbol]                       0x080004c0   Section        0  mystring.o(.text.puthex)
    [Anonymous Symbol]                       0x08000524   Section        0  mystring.o(.text.puts)
    [Anonymous Symbol]                       0x0800054c   Section        0  util.o(.text.relocate_memcpy)
    [Anonymous Symbol]                       0x08000580   Section        0  util.o(.text.relocate_memset)
    [Anonymous Symbol]                       0x080005a8   Section        0  main.o(.text.systemInit)
    [Anonymous Symbol]                       0x080005f8   Section        0  uart.o(.text.uart_get)
    [Anonymous Symbol]                       0x08000620   Section        0  uart.o(.text.uart_init)
    [Anonymous Symbol]                       0x08000690   Section        0  util.o(.text.uart_print)
    uart_println                             0x080006c1   Thumb Code    32  main.o(.text.uart_println)
    [Anonymous Symbol]                       0x080006c0   Section        0  main.o(.text.uart_println)
    uart_receive                             0x080006e1   Thumb Code    18  main.o(.text.uart_receive)
    [Anonymous Symbol]                       0x080006e0   Section        0  main.o(.text.uart_receive)
    [Anonymous Symbol]                       0x080006f4   Section        0  uart.o(.text.uart_send)
    .L__const.mymain.pData                   0x08000732   Data          41  main.o(.rodata.str1.1)
    [Anonymous Symbol]                       0x08000732   Section        0  main.o(.rodata.str1.1)
    .L.str.5                                 0x0800075b   Data          26  main.o(.rodata.str1.1)
    .L.str                                   0x08000775   Data          21  main.o(.rodata.str1.1)
    .L.str.2                                 0x0800078a   Data          25  main.o(.rodata.str1.1)
    .L.str.4                                 0x080007a3   Data          18  main.o(.rodata.str1.1)
    .L.str.3                                 0x080007b5   Data          20  main.o(.rodata.str1.1)
    .L.str.1                                 0x080007c9   Data          26  main.o(.rodata.str1.1)
    .L.str.1                                 0x080007e3   Data           3  mystring.o(.rodata.str1.1)
    [Anonymous Symbol]                       0x080007e3   Section        0  mystring.o(.rodata.str1.1)
    .L.str                                   0x080007e6   Data           3  mystring.o(.rodata.str1.1)
    .L.str.9                                 0x080007e9   Data          17  exception.o(.rodata.str1.1)
    [Anonymous Symbol]                       0x080007e9   Section        0  exception.o(.rodata.str1.1)
    .L.str                                   0x080007fa   Data          20  exception.o(.rodata.str1.1)
    .L.str.1                                 0x0800080e   Data          21  exception.o(.rodata.str1.1)
    .L.str.2                                 0x08000820   Data           3  exception.o(.rodata.str1.1)
    .L.str.3                                 0x08000823   Data           7  exception.o(.rodata.str1.1)
    .L.str.4                                 0x0800082a   Data           7  exception.o(.rodata.str1.1)
    .L.str.5                                 0x08000831   Data           7  exception.o(.rodata.str1.1)
    .L.str.6                                 0x08000838   Data           7  exception.o(.rodata.str1.1)
    .L.str.8                                 0x0800083f   Data           7  exception.o(.rodata.str1.1)
    .L.str.7                                 0x08000846   Data           7  exception.o(.rodata.str1.1)
    .L.str                                   0x0800084d   Data          18  systick.o(.rodata.str1.1)
    [Anonymous Symbol]                       0x0800084d   Section        0  systick.o(.rodata.str1.1)
    SysTick_Handler.led_on                   0x20000004   Data           4  systick.o(.bss.SysTick_Handler.led_on)
    [Anonymous Symbol]                       0x20000004   Section        0  systick.o(.bss.SysTick_Handler.led_on)

    Global Symbols

    Symbol Name                              Value     Ov Type        Size  Object(Section)

    BuildAttributes$$THM_ISAv4$P$D$K$B$S$PE$A:L22UL41UL21$X:L11$S22US41US21$IEEE1$IW$~IW$USESV6$~STKCKD$USESV7$~SHL$OSPACE$ROPI$EBA8$STANDARDLIB$REQ8$PRES8$EABIv2 0x00000000   Number         0  anon$$obj.o ABSOLUTE
    Image$$RW_IRAM1$$Length                  0x00000004   Number         0  anon$$obj.o ABSOLUTE
    Image$$RW_IRAM1$$ZI$$Length              0x0000000c   Number         0  anon$$obj.o ABSOLUTE
    Image$$ER_IROM1$$Length                  0x00000860   Number         0  anon$$obj.o ABSOLUTE
    Image$$ER_IROM1$$Base                    0x08000000   Number         0  anon$$obj.o ABSOLUTE
    Load$$ER_IROM1$$Base                     0x08000000   Number         0  anon$$obj.o ABSOLUTE
    __Vectors                                0x08000000   Data           4  start.o(RESET)
    Reset_Handler                            0x08000041   Thumb Code    46  start.o(.text)
    __aeabi_memcpy                           0x0800007d   Thumb Code     0  rt_memcpy_v6.o(.text)
    __rt_memcpy                              0x0800007d   Thumb Code   138  rt_memcpy_v6.o(.text)
    _memcpy_lastbytes                        0x080000e3   Thumb Code     0  rt_memcpy_v6.o(.text)
    __aeabi_memclr                           0x08000107   Thumb Code     0  rt_memclr.o(.text)
    __rt_memclr                              0x08000107   Thumb Code     0  rt_memclr.o(.text)
    _memset                                  0x0800010b   Thumb Code    64  rt_memclr.o(.text)
    __aeabi_memcpy4                          0x0800014b   Thumb Code     0  rt_memcpy_w.o(.text)
    __aeabi_memcpy8                          0x0800014b   Thumb Code     0  rt_memcpy_w.o(.text)
    __rt_memcpy_w                            0x0800014b   Thumb Code   100  rt_memcpy_w.o(.text)
    _memcpy_lastbytes_aligned                0x08000193   Thumb Code     0  rt_memcpy_w.o(.text)
    __aeabi_memclr4                          0x080001af   Thumb Code     0  rt_memclr_w.o(.text)
    __aeabi_memclr8                          0x080001af   Thumb Code     0  rt_memclr_w.o(.text)
    __rt_memclr_w                            0x080001af   Thumb Code     0  rt_memclr_w.o(.text)
    _memset_w                                0x080001b3   Thumb Code    74  rt_memclr_w.o(.text)
    HardFault_Handler                        0x080001fd   Thumb Code    18  exception.o(.text.HardFault_Handler)
    LED_Init                                 0x08000211   Thumb Code    56  led.o(.text.LED_Init)
    LED_Toggle                               0x08000249   Thumb Code    48  led.o(.text.LED_Toggle)
    SVCall_Handler                           0x08000279   Thumb Code    16  exception.o(.text.SVCall_Handler)
    SysTick_Handler                          0x08000289   Thumb Code    88  systick.o(.text.SysTick_Handler)
    SysTick_Init                             0x080002e1   Thumb Code    42  systick.o(.text.SysTick_Init)
    UsageFaultEnable                         0x0800030d   Thumb Code    26  exception.o(.text.UsageFaultEnable)
    UsageFault_Handler                       0x08000329   Thumb Code   184  exception.o(.text.UsageFault_Handler)
    mymain                                   0x080003e1   Thumb Code   188  main.o(.text.mymain)
    put_s_hex                                0x0800049d   Thumb Code    36  mystring.o(.text.put_s_hex)
    puthex                                   0x080004c1   Thumb Code   100  mystring.o(.text.puthex)
    puts                                     0x08000525   Thumb Code    38  mystring.o(.text.puts)
    relocate_memcpy                          0x0800054d   Thumb Code    50  util.o(.text.relocate_memcpy)
    relocate_memset                          0x08000581   Thumb Code    38  util.o(.text.relocate_memset)
    systemInit                               0x080005a9   Thumb Code    80  main.o(.text.systemInit)
    uart_get                                 0x080005f9   Thumb Code    38  uart.o(.text.uart_get)
    uart_init                                0x08000621   Thumb Code   112  uart.o(.text.uart_init)
    uart_print                               0x08000691   Thumb Code    48  util.o(.text.uart_print)
    uart_send                                0x080006f5   Thumb Code    48  uart.o(.text.uart_send)
    RECEIVED_MSG                             0x08000724   Data          13  main.o(.rodata.RECEIVED_MSG)
    g_CharConst                              0x08000731   Data           1  main.o(.rodata.g_CharConst)
    Load$$RW_IRAM1$$Base                     0x08000860   Number         0  anon$$obj.o ABSOLUTE
    Image$$RW_IRAM1$$Base                    0x20000000   Number         0  anon$$obj.o ABSOLUTE
    g_Char                                   0x20000000   Data           1  main.o(.data.g_Char)
    Image$$RW_IRAM1$$ZI$$Base                0x20000004   Number         0  anon$$obj.o ABSOLUTE
    g_Cnt                                    0x20000008   Data           4  main.o(.bss.g_Cnt)
    g_CodeChar                               0x2000000c   Data           4  main.o(.bss.g_CodeChar)



==============================================================================

Memory Map of the image

  Image entry point : Not specified.

  Load Region LR_IROM1 (Base: 0x08000000, Size: 0x00000864, Max: 0x00010000, ABSOLUTE)

    Execution Region ER_IROM1 (Exec base: 0x08000000, Load base: 0x08000000, Size: 0x00000860, Max: 0x00010000, ABSOLUTE)

    Exec Addr    Load Addr    Size         Type   Attr      Idx    E Section Name        Object

    0x08000000   0x08000000   0x00000040   Data   RO           22    RESET               start.o
    0x08000040   0x08000040   0x00000000   Code   RO            1    .text               main.o
    0x08000040   0x08000040   0x0000003c   Code   RO           23    .text               start.o
    0x0800007c   0x0800007c   0x00000000   Code   RO           29    .text               uart.o
    0x0800007c   0x0800007c   0x00000000   Code   RO           42    .text               util.o
    0x0800007c   0x0800007c   0x00000000   Code   RO           55    .text               mystring.o
    0x0800007c   0x0800007c   0x00000000   Code   RO           69    .text               led.o
    0x0800007c   0x0800007c   0x00000000   Code   RO           80    .text               exception.o
    0x0800007c   0x0800007c   0x00000000   Code   RO           96    .text               systick.o
    0x0800007c   0x0800007c   0x0000008a   Code   RO          111    .text               c_w.l(rt_memcpy_v6.o)
    0x08000106   0x08000106   0x00000044   Code   RO          113    .text               c_w.l(rt_memclr.o)
    0x0800014a   0x0800014a   0x00000064   Code   RO          115    .text               c_w.l(rt_memcpy_w.o)
    0x080001ae   0x080001ae   0x0000004e   Code   RO          117    .text               c_w.l(rt_memclr_w.o)
    0x080001fc   0x080001fc   0x00000012   Code   RO           81    .text.HardFault_Handler  exception.o
    0x0800020e   0x0800020e   0x00000002   PAD
    0x08000210   0x08000210   0x00000038   Code   RO           70    .text.LED_Init      led.o
    0x08000248   0x08000248   0x00000030   Code   RO           72    .text.LED_Toggle    led.o
    0x08000278   0x08000278   0x00000010   Code   RO           87    .text.SVCall_Handler  exception.o
    0x08000288   0x08000288   0x00000058   Code   RO           99    .text.SysTick_Handler  systick.o
    0x080002e0   0x080002e0   0x0000002a   Code   RO           97    .text.SysTick_Init  systick.o
    0x0800030a   0x0800030a   0x00000002   PAD
    0x0800030c   0x0800030c   0x0000001a   Code   RO           83    .text.UsageFaultEnable  exception.o
    0x08000326   0x08000326   0x00000002   PAD
    0x08000328   0x08000328   0x000000b8   Code   RO           85    .text.UsageFault_Handler  exception.o
    0x080003e0   0x080003e0   0x000000bc   Code   RO            2    .text.mymain        main.o
    0x0800049c   0x0800049c   0x00000024   Code   RO           60    .text.put_s_hex     mystring.o
    0x080004c0   0x080004c0   0x00000064   Code   RO           58    .text.puthex        mystring.o
    0x08000524   0x08000524   0x00000026   Code   RO           56    .text.puts          mystring.o
    0x0800054a   0x0800054a   0x00000002   PAD
    0x0800054c   0x0800054c   0x00000032   Code   RO           45    .text.relocate_memcpy  util.o
    0x0800057e   0x0800057e   0x00000002   PAD
    0x08000580   0x08000580   0x00000026   Code   RO           47    .text.relocate_memset  util.o
    0x080005a6   0x080005a6   0x00000002   PAD
    0x080005a8   0x080005a8   0x00000050   Code   RO            8    .text.systemInit    main.o
    0x080005f8   0x080005f8   0x00000026   Code   RO           34    .text.uart_get      uart.o
    0x0800061e   0x0800061e   0x00000002   PAD
    0x08000620   0x08000620   0x00000070   Code   RO           30    .text.uart_init     uart.o
    0x08000690   0x08000690   0x00000030   Code   RO           43    .text.uart_print    util.o
    0x080006c0   0x080006c0   0x00000020   Code   RO            4    .text.uart_println  main.o
    0x080006e0   0x080006e0   0x00000012   Code   RO            6    .text.uart_receive  main.o
    0x080006f2   0x080006f2   0x00000002   PAD
    0x080006f4   0x080006f4   0x00000030   Code   RO           32    .text.uart_send     uart.o
    0x08000724   0x08000724   0x0000000d   Data   RO           12    .rodata.RECEIVED_MSG  main.o
    0x08000731   0x08000731   0x00000001   Data   RO           11    .rodata.g_CharConst  main.o
    0x08000732   0x08000732   0x000000b1   Data   RO           14    .rodata.str1.1      main.o
    0x080007e3   0x080007e3   0x00000006   Data   RO           62    .rodata.str1.1      mystring.o
    0x080007e9   0x080007e9   0x00000064   Data   RO           89    .rodata.str1.1      exception.o
    0x0800084d   0x0800084d   0x00000012   Data   RO          101    .rodata.str1.1      systick.o


    Execution Region RW_IRAM1 (Exec base: 0x20000000, Load base: 0x08000860, Size: 0x00000010, Max: 0x00005000, ABSOLUTE)

    Exec Addr    Load Addr    Size         Type   Attr      Idx    E Section Name        Object

    0x20000000   0x08000860   0x00000001   Data   RW           10    .data.g_Char        main.o
    0x20000001   0x08000861   0x00000003   PAD
    0x20000004        -       0x00000004   Zero   RW          102    .bss.SysTick_Handler.led_on  systick.o
    0x20000008        -       0x00000004   Zero   RW           15    .bss.g_Cnt          main.o
    0x2000000c        -       0x00000004   Zero   RW           13    .bss.g_CodeChar     main.o


==============================================================================

Image component sizes


      Code (inc. data)   RO Data    RW Data    ZI Data      Debug   Object Name

       244          0        100          0          0       1719   exception.o
       104          0          0          0          0       1176   led.o
       318          0        191          1          8       1335   main.o
       174          0          6          0          0       1002   mystring.o
        60          8         64          0          0        408   start.o
       130          0         18          0          4       1454   systick.o
       198          0          0          0          0       1116   uart.o
       136          0          0          0          0        978   util.o

    ----------------------------------------------------------------------
      1380          8        380          4         12       9188   Object Totals
         0          0          0          0          0          0   (incl. Generated)
        16          0          1          3          0          0   (incl. Padding)

    ----------------------------------------------------------------------

      Code (inc. data)   RO Data    RW Data    ZI Data      Debug   Library Member Name

        68          0          0          0          0         68   rt_memclr.o
        78          0          0          0          0         80   rt_memclr_w.o
       138          0          0          0          0         68   rt_memcpy_v6.o
       100          0          0          0          0         80   rt_memcpy_w.o

    ----------------------------------------------------------------------
       384          0          0          0          0        296   Library Totals
         0          0          0          0          0          0   (incl. Padding)

    ----------------------------------------------------------------------

      Code (inc. data)   RO Data    RW Data    ZI Data      Debug   Library Name

       384          0          0          0          0        296   c_w.l

    ----------------------------------------------------------------------
       384          0          0          0          0        296   Library Totals

    ----------------------------------------------------------------------

==============================================================================


      Code (inc. data)   RO Data    RW Data    ZI Data      Debug   

      1764          8        380          4         12       9156   Grand Totals
      1764          8        380          4         12       9156   ELF Image Totals
      1764          8        380          4          0          0   ROM Totals

==============================================================================

    Total RO  Size (Code + RO Data)                 2144 (   2.09kB)
    Total RW  Size (RW Data + ZI Data)                16 (   0.02kB)
    Total ROM Size (Code + RO Data + RW Data)       2148 (   2.10kB)

==============================================================================

