Component: Arm Compiler for Embedded 6.21 Tool: armlink [5ec1fa00]

==============================================================================

Section Cross References

    main.o(.text.mymain) refers to main.o(.rodata.str1.1) for .L__const.mymain.pData
    main.o(.text.mymain) refers to rt_memcpy_v6.o(.text) for __aeabi_memcpy
    main.o(.text.mymain) refers to uart.o(.text.uart_init) for uart_init
    main.o(.text.mymain) refers to main.o(.data.g_Char) for g_Char
    main.o(.text.mymain) refers to main.o(.text.uart_println) for uart_println
    main.o(.text.mymain) refers to mystring.o(.text.put_s_hex) for put_s_hex
    main.o(.text.mymain) refers to main.o(.rodata.g_CharConst) for g_CharConst
    main.o(.text.mymain) refers to main.o(.bss.g_CodeChar) for g_CodeChar
    main.o(.text.mymain) refers to main.o(.bss.g_Cnt) for g_Cnt
    main.o(.text.mymain) refers to uart.o(.text.uart_get) for uart_get
    main.o(.text.mymain) refers to main.o(.text.uart_receive) for uart_receive
    main.o(.ARM.exidx.text.mymain) refers to main.o(.text.mymain) for [Anonymous Symbol]
    main.o(.text.uart_println) refers to uart.o(.text.uart_send) for uart_send
    main.o(.ARM.exidx.text.uart_println) refers to main.o(.text.uart_println) for [Anonymous Symbol]
    main.o(.text.uart_receive) refers to main.o(.rodata.RECEIVED_MSG) for RECEIVED_MSG
    main.o(.text.uart_receive) refers to util.o(.text.uart_print) for uart_print
    main.o(.ARM.exidx.text.uart_receive) refers to main.o(.text.uart_receive) for [Anonymous Symbol]
    main.o(.text.systemInit) refers to rt_memcpy_v6.o(.text) for __aeabi_memcpy
    main.o(.text.systemInit) refers to rt_memclr.o(.text) for __aeabi_memclr
    main.o(.ARM.exidx.text.systemInit) refers to main.o(.text.systemInit) for [Anonymous Symbol]
    start.o(.text) refers to main.o(.text.systemInit) for systemInit
    start.o(.text) refers to main.o(.text.mymain) for mymain
    uart.o(.ARM.exidx.text.uart_init) refers to uart.o(.text.uart_init) for [Anonymous Symbol]
    uart.o(.ARM.exidx.text.uart_send) refers to uart.o(.text.uart_send) for [Anonymous Symbol]
    uart.o(.ARM.exidx.text.uart_get) refers to uart.o(.text.uart_get) for [Anonymous Symbol]
    util.o(.text.uart_print) refers to uart.o(.text.uart_send) for uart_send
    util.o(.ARM.exidx.text.uart_print) refers to util.o(.text.uart_print) for [Anonymous Symbol]
    util.o(.ARM.exidx.text.relocate_memcpy) refers to util.o(.text.relocate_memcpy) for [Anonymous Symbol]
    util.o(.ARM.exidx.text.relocate_memset) refers to util.o(.text.relocate_memset) for [Anonymous Symbol]
    mystring.o(.text.puts) refers to uart.o(.text.uart_send) for uart_send
    mystring.o(.ARM.exidx.text.puts) refers to mystring.o(.text.puts) for [Anonymous Symbol]
    mystring.o(.text.puthex) refers to mystring.o(.rodata.str1.1) for .L.str
    mystring.o(.text.puthex) refers to mystring.o(.text.puts) for puts
    mystring.o(.text.puthex) refers to uart.o(.text.uart_send) for uart_send
    mystring.o(.ARM.exidx.text.puthex) refers to mystring.o(.text.puthex) for [Anonymous Symbol]
    mystring.o(.text.put_s_hex) refers to mystring.o(.text.puts) for puts
    mystring.o(.text.put_s_hex) refers to mystring.o(.text.puthex) for puthex
    mystring.o(.text.put_s_hex) refers to mystring.o(.rodata.str1.1) for .L.str.1
    mystring.o(.ARM.exidx.text.put_s_hex) refers to mystring.o(.text.put_s_hex) for [Anonymous Symbol]
    rt_memcpy_v6.o(.text) refers to rt_memcpy_w.o(.text) for __aeabi_memcpy4
    rt_memclr.o(.text) refers to rt_memclr_w.o(.text) for _memset_w


==============================================================================

Removing Unused exception sections from the image.

    Removing main.o(.ARM.exidx.text.mymain), (8 bytes).
    Removing main.o(.ARM.exidx.text.uart_println), (8 bytes).
    Removing main.o(.ARM.exidx.text.uart_receive), (8 bytes).
    Removing main.o(.ARM.exidx.text.systemInit), (8 bytes).
    Removing uart.o(.ARM.exidx.text.uart_init), (8 bytes).
    Removing uart.o(.ARM.exidx.text.uart_send), (8 bytes).
    Removing uart.o(.ARM.exidx.text.uart_get), (8 bytes).
    Removing util.o(.ARM.exidx.text.uart_print), (8 bytes).
    Removing util.o(.ARM.exidx.text.relocate_memcpy), (8 bytes).
    Removing util.o(.ARM.exidx.text.relocate_memset), (8 bytes).
    Removing mystring.o(.ARM.exidx.text.puts), (8 bytes).
    Removing mystring.o(.ARM.exidx.text.puthex), (8 bytes).
    Removing mystring.o(.ARM.exidx.text.put_s_hex), (8 bytes).

13 unused section(s) (total 104 bytes) removed from the image.

==============================================================================

Image Symbol Table

    Local Symbols

    Symbol Name                              Value     Ov Type        Size  Object(Section)

    ../clib/memcpset.s                       0x00000000   Number         0  rt_memcpy_v6.o ABSOLUTE
    ../clib/memcpset.s                       0x00000000   Number         0  rt_memclr.o ABSOLUTE
    ../clib/memcpset.s                       0x00000000   Number         0  rt_memcpy_w.o ABSOLUTE
    ../clib/memcpset.s                       0x00000000   Number         0  rt_memclr_w.o ABSOLUTE
    dc.s                                     0x00000000   Number         0  dc.o ABSOLUTE
    main.c                                   0x00000000   Number         0  main.o ABSOLUTE
    mystring.c                               0x00000000   Number         0  mystring.o ABSOLUTE
    start.s                                  0x00000000   Number         0  start.o ABSOLUTE
    uart.c                                   0x00000000   Number         0  uart.o ABSOLUTE
    util.c                                   0x00000000   Number         0  util.o ABSOLUTE
    RESET                                    0x20000000   Section        8  start.o(RESET)
    .text                                    0x20000008   Section       20  start.o(.text)
    .text                                    0x2000001c   Section      138  rt_memcpy_v6.o(.text)
    .text                                    0x200000a6   Section       68  rt_memclr.o(.text)
    .text                                    0x200000ea   Section      100  rt_memcpy_w.o(.text)
    .text                                    0x2000014e   Section       78  rt_memclr_w.o(.text)
    [Anonymous Symbol]                       0x2000019c   Section        0  main.o(.text.mymain)
    [Anonymous Symbol]                       0x20000258   Section        0  mystring.o(.text.put_s_hex)
    [Anonymous Symbol]                       0x2000027c   Section        0  mystring.o(.text.puthex)
    [Anonymous Symbol]                       0x200002e0   Section        0  mystring.o(.text.puts)
    [Anonymous Symbol]                       0x20000308   Section        0  util.o(.text.relocate_memcpy)
    [Anonymous Symbol]                       0x2000033c   Section        0  util.o(.text.relocate_memset)
    [Anonymous Symbol]                       0x20000364   Section        0  main.o(.text.systemInit)
    [Anonymous Symbol]                       0x200003b4   Section        0  uart.o(.text.uart_get)
    [Anonymous Symbol]                       0x200003dc   Section        0  uart.o(.text.uart_init)
    [Anonymous Symbol]                       0x2000044c   Section        0  util.o(.text.uart_print)
    uart_println                             0x2000047d   Thumb Code    32  main.o(.text.uart_println)
    [Anonymous Symbol]                       0x2000047c   Section        0  main.o(.text.uart_println)
    uart_receive                             0x2000049d   Thumb Code    18  main.o(.text.uart_receive)
    [Anonymous Symbol]                       0x2000049c   Section        0  main.o(.text.uart_receive)
    [Anonymous Symbol]                       0x200004b0   Section        0  uart.o(.text.uart_send)
    .L__const.mymain.pData                   0x200004ee   Data          41  main.o(.rodata.str1.1)
    [Anonymous Symbol]                       0x200004ee   Section        0  main.o(.rodata.str1.1)
    .L.str.5                                 0x20000517   Data          26  main.o(.rodata.str1.1)
    .L.str                                   0x20000531   Data          21  main.o(.rodata.str1.1)
    .L.str.2                                 0x20000546   Data          25  main.o(.rodata.str1.1)
    .L.str.4                                 0x2000055f   Data          18  main.o(.rodata.str1.1)
    .L.str.3                                 0x20000571   Data          20  main.o(.rodata.str1.1)
    .L.str.1                                 0x20000585   Data          26  main.o(.rodata.str1.1)
    .L.str.1                                 0x2000059f   Data           3  mystring.o(.rodata.str1.1)
    [Anonymous Symbol]                       0x2000059f   Section        0  mystring.o(.rodata.str1.1)
    .L.str                                   0x200005a2   Data           3  mystring.o(.rodata.str1.1)

    Global Symbols

    Symbol Name                              Value     Ov Type        Size  Object(Section)

    BuildAttributes$$THM_ISAv4$P$D$K$B$S$PE$A:L22UL41UL21$X:L11$S22US41US21$IEEE1$IW$~IW$USESV6$~STKCKD$USESV7$~SHL$OSPACE$ROPI$EBA8$STANDARDLIB$REQ8$PRES8$EABIv2 0x00000000   Number         0  anon$$obj.o ABSOLUTE
    Image$$RW_IRAM1$$Length                  0x00000004   Number         0  anon$$obj.o ABSOLUTE
    Image$$RW_IRAM1$$ZI$$Length              0x00000008   Number         0  anon$$obj.o ABSOLUTE
    Image$$ER_IROM1$$Length                  0x000005a8   Number         0  anon$$obj.o ABSOLUTE
    Load$$ER_IROM1$$Base                     0x08000000   Number         0  anon$$obj.o ABSOLUTE
    Load$$RW_IRAM1$$Base                     0x080005a8   Number         0  anon$$obj.o ABSOLUTE
    Image$$ER_IROM1$$Base                    0x20000000   Number         0  anon$$obj.o ABSOLUTE
    __Vectors                                0x20000000   Data           4  start.o(RESET)
    Reset_Handler                            0x20000009   Thumb Code    12  start.o(.text)
    __aeabi_memcpy                           0x2000001d   Thumb Code     0  rt_memcpy_v6.o(.text)
    __rt_memcpy                              0x2000001d   Thumb Code   138  rt_memcpy_v6.o(.text)
    _memcpy_lastbytes                        0x20000083   Thumb Code     0  rt_memcpy_v6.o(.text)
    __aeabi_memclr                           0x200000a7   Thumb Code     0  rt_memclr.o(.text)
    __rt_memclr                              0x200000a7   Thumb Code     0  rt_memclr.o(.text)
    _memset                                  0x200000ab   Thumb Code    64  rt_memclr.o(.text)
    __aeabi_memcpy4                          0x200000eb   Thumb Code     0  rt_memcpy_w.o(.text)
    __aeabi_memcpy8                          0x200000eb   Thumb Code     0  rt_memcpy_w.o(.text)
    __rt_memcpy_w                            0x200000eb   Thumb Code   100  rt_memcpy_w.o(.text)
    _memcpy_lastbytes_aligned                0x20000133   Thumb Code     0  rt_memcpy_w.o(.text)
    __aeabi_memclr4                          0x2000014f   Thumb Code     0  rt_memclr_w.o(.text)
    __aeabi_memclr8                          0x2000014f   Thumb Code     0  rt_memclr_w.o(.text)
    __rt_memclr_w                            0x2000014f   Thumb Code     0  rt_memclr_w.o(.text)
    _memset_w                                0x20000153   Thumb Code    74  rt_memclr_w.o(.text)
    mymain                                   0x2000019d   Thumb Code   188  main.o(.text.mymain)
    put_s_hex                                0x20000259   Thumb Code    36  mystring.o(.text.put_s_hex)
    puthex                                   0x2000027d   Thumb Code   100  mystring.o(.text.puthex)
    puts                                     0x200002e1   Thumb Code    38  mystring.o(.text.puts)
    relocate_memcpy                          0x20000309   Thumb Code    50  util.o(.text.relocate_memcpy)
    relocate_memset                          0x2000033d   Thumb Code    38  util.o(.text.relocate_memset)
    systemInit                               0x20000365   Thumb Code    80  main.o(.text.systemInit)
    uart_get                                 0x200003b5   Thumb Code    38  uart.o(.text.uart_get)
    uart_init                                0x200003dd   Thumb Code   112  uart.o(.text.uart_init)
    uart_print                               0x2000044d   Thumb Code    48  util.o(.text.uart_print)
    uart_send                                0x200004b1   Thumb Code    48  uart.o(.text.uart_send)
    RECEIVED_MSG                             0x200004e0   Data          13  main.o(.rodata.RECEIVED_MSG)
    g_CharConst                              0x200004ed   Data           1  main.o(.rodata.g_CharConst)
    Image$$RW_IRAM1$$Base                    0x200005a8   Number         0  anon$$obj.o ABSOLUTE
    g_Char                                   0x200005a8   Data           1  main.o(.data.g_Char)
    Image$$RW_IRAM1$$ZI$$Base                0x200005ac   Number         0  anon$$obj.o ABSOLUTE
    g_Cnt                                    0x200005ac   Data           4  main.o(.bss.g_Cnt)
    g_CodeChar                               0x200005b0   Data           4  main.o(.bss.g_CodeChar)



==============================================================================

Memory Map of the image

  Image entry point : Not specified.

  Load Region LR_IROM1 (Base: 0x08000000, Size: 0x000005ac, Max: 0x00010000, ABSOLUTE)

    Execution Region ER_IROM1 (Exec base: 0x20000000, Load base: 0x08000000, Size: 0x000005a8, Max: 0xffffffff, ABSOLUTE)

    Exec Addr    Load Addr    Size         Type   Attr      Idx    E Section Name        Object

    0x20000000   0x08000000   0x00000008   Data   RO           22    RESET               start.o
    0x20000008   0x08000008   0x00000000   Code   RO            1    .text               main.o
    0x20000008   0x08000008   0x00000014   Code   RO           23    .text               start.o
    0x2000001c   0x0800001c   0x00000000   Code   RO           29    .text               uart.o
    0x2000001c   0x0800001c   0x00000000   Code   RO           42    .text               util.o
    0x2000001c   0x0800001c   0x00000000   Code   RO           55    .text               mystring.o
    0x2000001c   0x0800001c   0x0000008a   Code   RO           71    .text               c_w.l(rt_memcpy_v6.o)
    0x200000a6   0x080000a6   0x00000044   Code   RO           73    .text               c_w.l(rt_memclr.o)
    0x200000ea   0x080000ea   0x00000064   Code   RO           75    .text               c_w.l(rt_memcpy_w.o)
    0x2000014e   0x0800014e   0x0000004e   Code   RO           77    .text               c_w.l(rt_memclr_w.o)
    0x2000019c   0x0800019c   0x000000bc   Code   RO            2    .text.mymain        main.o
    0x20000258   0x08000258   0x00000024   Code   RO           60    .text.put_s_hex     mystring.o
    0x2000027c   0x0800027c   0x00000064   Code   RO           58    .text.puthex        mystring.o
    0x200002e0   0x080002e0   0x00000026   Code   RO           56    .text.puts          mystring.o
    0x20000306   0x08000306   0x00000002   PAD
    0x20000308   0x08000308   0x00000032   Code   RO           45    .text.relocate_memcpy  util.o
    0x2000033a   0x0800033a   0x00000002   PAD
    0x2000033c   0x0800033c   0x00000026   Code   RO           47    .text.relocate_memset  util.o
    0x20000362   0x08000362   0x00000002   PAD
    0x20000364   0x08000364   0x00000050   Code   RO            8    .text.systemInit    main.o
    0x200003b4   0x080003b4   0x00000026   Code   RO           34    .text.uart_get      uart.o
    0x200003da   0x080003da   0x00000002   PAD
    0x200003dc   0x080003dc   0x00000070   Code   RO           30    .text.uart_init     uart.o
    0x2000044c   0x0800044c   0x00000030   Code   RO           43    .text.uart_print    util.o
    0x2000047c   0x0800047c   0x00000020   Code   RO            4    .text.uart_println  main.o
    0x2000049c   0x0800049c   0x00000012   Code   RO            6    .text.uart_receive  main.o
    0x200004ae   0x080004ae   0x00000002   PAD
    0x200004b0   0x080004b0   0x00000030   Code   RO           32    .text.uart_send     uart.o
    0x200004e0   0x080004e0   0x0000000d   Data   RO           12    .rodata.RECEIVED_MSG  main.o
    0x200004ed   0x080004ed   0x00000001   Data   RO           11    .rodata.g_CharConst  main.o
    0x200004ee   0x080004ee   0x000000b1   Data   RO           14    .rodata.str1.1      main.o
    0x2000059f   0x0800059f   0x00000006   Data   RO           62    .rodata.str1.1      mystring.o


    Execution Region RW_IRAM1 (Exec base: 0x200005a8, Load base: 0x080005a8, Size: 0x0000000c, Max: 0xffffffff, ABSOLUTE)

    Exec Addr    Load Addr    Size         Type   Attr      Idx    E Section Name        Object

    0x200005a8   0x080005a8   0x00000001   Data   RW           10    .data.g_Char        main.o
    0x200005a9   0x080005a9   0x00000003   PAD
    0x200005ac        -       0x00000004   Zero   RW           15    .bss.g_Cnt          main.o
    0x200005b0        -       0x00000004   Zero   RW           13    .bss.g_CodeChar     main.o


==============================================================================

Image component sizes


      Code (inc. data)   RO Data    RW Data    ZI Data      Debug   Object Name

       318          0        191          1          8       1352   main.o
       174          0          6          0          0       1019   mystring.o
        20          8          8          0          0        360   start.o
       198          0          0          0          0       1133   uart.o
       136          0          0          0          0        995   util.o

    ----------------------------------------------------------------------
       856          8        208          4          8       4859   Object Totals
         0          0          0          0          0          0   (incl. Generated)
        10          0          3          3          0          0   (incl. Padding)

    ----------------------------------------------------------------------

      Code (inc. data)   RO Data    RW Data    ZI Data      Debug   Library Member Name

        68          0          0          0          0         68   rt_memclr.o
        78          0          0          0          0         80   rt_memclr_w.o
       138          0          0          0          0         68   rt_memcpy_v6.o
       100          0          0          0          0         80   rt_memcpy_w.o

    ----------------------------------------------------------------------
       384          0          0          0          0        296   Library Totals
         0          0          0          0          0          0   (incl. Padding)

    ----------------------------------------------------------------------

      Code (inc. data)   RO Data    RW Data    ZI Data      Debug   Library Name

       384          0          0          0          0        296   c_w.l

    ----------------------------------------------------------------------
       384          0          0          0          0        296   Library Totals

    ----------------------------------------------------------------------

==============================================================================


      Code (inc. data)   RO Data    RW Data    ZI Data      Debug   

      1240          8        208          4          8       4887   Grand Totals
      1240          8        208          4          8       4887   ELF Image Totals
      1240          8        208          4          0          0   ROM Totals

==============================================================================

    Total RO  Size (Code + RO Data)                 1448 (   1.41kB)
    Total RW  Size (RW Data + ZI Data)                12 (   0.01kB)
    Total ROM Size (Code + RO Data + RW Data)       1452 (   1.42kB)

==============================================================================

