Component: Arm Compiler for Embedded 6.21 Tool: armlink [5ec1fa00]

==============================================================================

Section Cross References

    main.o(.ARM.exidx.text.delay) refers to main.o(.text.delay) for [Anonymous Symbol]
    main.o(.text.mymain) refers to main.o(.text.delay) for delay
    main.o(.ARM.exidx.text.mymain) refers to main.o(.text.mymain) for [Anonymous Symbol]
    start.o(RESET) refers to start.o(.text) for Reset_Handler
    start.o(.text) refers to main.o(.text.mymain) for mymain


==============================================================================

Removing Unused exception sections from the image.

    Removing main.o(.ARM.exidx.text.delay), (8 bytes).
    Removing main.o(.ARM.exidx.text.mymain), (8 bytes).

2 unused section(s) (total 16 bytes) removed from the image.

==============================================================================

Image Symbol Table

    Local Symbols

    Symbol Name                              Value     Ov Type        Size  Object(Section)

    main.c                                   0x00000000   Number         0  main.o ABSOLUTE
    start.s                                  0x00000000   Number         0  start.o ABSOLUTE
    RESET                                    0x08000000   Section        8  start.o(RESET)
    .text                                    0x08000008   Section       12  start.o(.text)
    [Anonymous Symbol]                       0x08000014   Section        0  main.o(.text.delay)
    [Anonymous Symbol]                       0x0800002c   Section        0  main.o(.text.mymain)

    Global Symbols

    Symbol Name                              Value     Ov Type        Size  Object(Section)

    BuildAttributes$$THM_ISAv4$P$D$K$B$S$PE$A:L22UL41UL21$X:L11$S22US41US21$IEEE1$IW$~IW$USESV6$~STKCKD$USESV7$~SHL$OSPACE$EBA8$STANDARDLIB$REQ8$PRES8$EABIv2 0x00000000   Number         0  anon$$obj.o ABSOLUTE
    __Vectors                                0x08000000   Data           4  start.o(RESET)
    Reset_Handler                            0x08000009   Thumb Code     8  start.o(.text)
    delay                                    0x08000015   Thumb Code    22  main.o(.text.delay)
    mymain                                   0x0800002d   Thumb Code    98  main.o(.text.mymain)



==============================================================================

Memory Map of the image

  Image entry point : Not specified.

  Load Region LR_IROM1 (Base: 0x08000000, Size: 0x00000090, Max: 0x00010000, ABSOLUTE)

    Execution Region ER_IROM1 (Exec base: 0x08000000, Load base: 0x08000000, Size: 0x00000090, Max: 0x00010000, ABSOLUTE)

    Exec Addr    Load Addr    Size         Type   Attr      Idx    E Section Name        Object

    0x08000000   0x08000000   0x00000008   Data   RO           12    RESET               start.o
    0x08000008   0x08000008   0x00000000   Code   RO            1    .text               main.o
    0x08000008   0x08000008   0x0000000c   Code   RO           13    .text               start.o
    0x08000014   0x08000014   0x00000016   Code   RO            2    .text.delay         main.o
    0x0800002a   0x0800002a   0x00000002   PAD
    0x0800002c   0x0800002c   0x00000062   Code   RO            4    .text.mymain        main.o


    Execution Region RW_IRAM1 (Exec base: 0x20000000, Load base: 0x08000090, Size: 0x00000000, Max: 0x00005000, ABSOLUTE)

    **** No section assigned to this execution region ****


==============================================================================

Image component sizes


      Code (inc. data)   RO Data    RW Data    ZI Data      Debug   Object Name

       120          0          0          0          0        697   main.o
        12          4          8          0          0        328   start.o

    ----------------------------------------------------------------------
       136          4          8          0          0       1025   Object Totals
         0          0          0          0          0          0   (incl. Generated)
         4          0          0          0          0          0   (incl. Padding)

    ----------------------------------------------------------------------
         0          0          0          0          0          0   Library Totals
         0          0          0          0          0          0   (incl. Padding)

    ----------------------------------------------------------------------

==============================================================================


      Code (inc. data)   RO Data    RW Data    ZI Data      Debug   

       136          4          8          0          0       1025   Grand Totals
       136          4          8          0          0       1025   ELF Image Totals
       136          4          8          0          0          0   ROM Totals

==============================================================================

    Total RO  Size (Code + RO Data)                  144 (   0.14kB)
    Total RW  Size (RW Data + ZI Data)                 0 (   0.00kB)
    Total ROM Size (Code + RO Data + RW Data)        144 (   0.14kB)

==============================================================================

